{"timestampUtc":"2026-09-11T18:48:36.0261358+00:00","executionMode":"AzureDocuments","jobId":null,"stage":"Worker","outcome":"Started:AZURE_CLASSIFICATION_AND_OCR"}
{"timestampUtc":"2026-09-11T18:48:36.116828+00:00","executionMode":"AzureDocuments","jobId":"b9aee5d3ae6042cd16ffd2d37eda9ca56f7bf2af608db3f39e4cfc7288e7c886","stage":"Ready","outcome":"Captured"}
{"timestampUtc":"2026-09-11T18:48:36.1544178+00:00","executionMode":"AzureDocuments","jobId":"e8850eb6485bee719401c6855b0fad913843bab65178bbca724b71c5a1045f0c","stage":"Ready","outcome":"Captured"}
{"timestampUtc":"2026-09-11T18:48:36.1875985+00:00","executionMode":"AzureDocuments","jobId":"7766d415b4c2446b9668286cbc2982bafb2b2d4eff18bda4ad449406f7f47332","stage":"Ready","outcome":"Captured"}
{"timestampUtc":"2026-09-11T18:48:36.2217131+00:00","executionMode":"AzureDocuments","jobId":"571c1107b4a16a711e873c15d2f9d2f318ac61c4712af8bf0c10997d0a619214","stage":"Ready","outcome":"Captured"}
{"timestampUtc":"2026-09-11T18:48:36.2525408+00:00","executionMode":"AzureDocuments","jobId":"53a0796ef35d591bdd3a0f7f02bbd54eac6bbb95d26f19c059409cd51c719149","stage":"Ready","outcome":"Captured"}
{"timestampUtc":"2026-09-11T18:48:36.288739+00:00","executionMode":"AzureDocuments","jobId":"93740ba6bcabdcf4602fcaf6eb714de52c0bb78b45dfe5968cf32f7e16215e3f","stage":"Ready","outcome":"Captured"}
{"timestampUtc":"2026-09-11T18:48:36.3220562+00:00","executionMode":"AzureDocuments","jobId":"5b342540119fc74a8159f61361a3f504a7b64e1c1232cc5d08e596f6d9c3e820","stage":"Ready","outcome":"Captured"}
{"timestampUtc":"2026-09-11T18:48:36.3535874+00:00","executionMode":"AzureDocuments","jobId":"37ded7dd3b1430ddcdafc9a97e484180798a166e9fe7e485206fff206a438dba","stage":"Ready","outcome":"Captured"}
{"timestampUtc":"2026-09-11T18:48:36.387547+00:00","executionMode":"AzureDocuments","jobId":"59ced1e784c2830082b9a699daf026bb61464639176d476c4e83dbbf70b77756","stage":"Ready","outcome":"Captured"}
{"timestampUtc":"2026-09-11T18:48:36.4216372+00:00","executionMode":"AzureDocuments","jobId":"0a7b77906ff36c415064a5b29d6f41ec8ddeb19b59bdc17c0cd7ae3ab04e3003","stage":"Ready","outcome":"Captured"}
{"timestampUtc":"2026-09-11T18:48:36.4542416+00:00","executionMode":"AzureDocuments","jobId":"1eda4aed1327e8c74599787f745c52e3777dac0925b7c473ce76036f388eefc0","stage":"Ready","outcome":"Captured"}
{"timestampUtc":"2026-09-11T18:48:36.4868229+00:00","executionMode":"AzureDocuments","jobId":"dc546c51503eff95e03a0c23e789ee2b10ac0f67fccfd837023626e2cd763b2a","stage":"Ready","outcome":"Captured"}
{"timestampUtc":"2026-09-11T18:48:36.5232797+00:00","executionMode":"AzureDocuments","jobId":"990cf401885dbb7179a34b6237e3e101c3b8a5c3f9685aaac677b51ecaa1811b","stage":"Ready","outcome":"Captured"}
{"timestampUtc":"2026-09-11T18:48:36.5652769+00:00","executionMode":"AzureDocuments","jobId":"a3667d3bc6133a47a280df52e5b6150622c786a2be59f3c58c63480b8287e2f5","stage":"Ready","outcome":"Captured"}
{"timestampUtc":"2026-09-11T18:48:36.5987826+00:00","executionMode":"AzureDocuments","jobId":"4b4167648f55374fd0a33150464271d23b815b469f9ecb24675b42ec1bd70c58","stage":"Ready","outcome":"Captured"}
{"timestampUtc":"2026-09-11T18:48:36.6289097+00:00","executionMode":"AzureDocuments","jobId":"c247c32202aad92556c38b4f3afa9e79b69a68e10346620e88d3a8f7537bf4a7","stage":"Ready","outcome":"Captured"}
{"timestampUtc":"2026-09-11T18:48:36.6589049+00:00","executionMode":"AzureDocuments","jobId":"6245169ce6e3f1a9b9b50a87306220e441a8f5475cc7a99d863935cee4a021a7","stage":"Ready","outcome":"Captured"}
{"timestampUtc":"2026-09-11T18:48:36.6915761+00:00","executionMode":"AzureDocuments","jobId":"92faefb16de25494b18aa081d8b6867bba0323479d552951936a6c68776628f6","stage":"Ready","outcome":"Captured"}
{"timestampUtc":"2026-09-11T18:48:36.7314307+00:00","executionMode":"AzureDocuments","jobId":"cef1d3f98120ac8492fefcdfc2d2ae76121759d180bcdde1ab7fdef396b8780c","stage":"Ready","outcome":"Captured"}
{"timestampUtc":"2026-09-11T18:48:36.7669601+00:00","executionMode":"AzureDocuments","jobId":"933287bfe13cc3d88e124c1c78272381c12e623a4ae23828e454264a2a7478b9","stage":"Ready","outcome":"Captured"}
{"timestampUtc":"2026-09-11T18:48:36.7993353+00:00","executionMode":"AzureDocuments","jobId":"fef37d2a72d4f59148e8cbdb3fdd020a4a45a979a7ae9d6dde7066d3c8937bce","stage":"Ready","outcome":"Captured"}
{"timestampUtc":"2026-09-11T18:48:36.8319091+00:00","executionMode":"AzureDocuments","jobId":"9838b0d80d19715a3a4be013bd0a0789de36bea803d42aaef354dacf21a1445a","stage":"Ready","outcome":"Captured"}
{"timestampUtc":"2026-09-11T18:48:36.8645123+00:00","executionMode":"AzureDocuments","jobId":"f28fc088636065ed764d1d618c6b17b9ddedec3f0ac0f4328cefba284b414985","stage":"Ready","outcome":"Captured"}
{"timestampUtc":"2026-09-11T18:48:36.9018225+00:00","executionMode":"AzureDocuments","jobId":"596cd61163175fd5acc8bd65eddd28e48dfa0e3596cc5aa7708e2f952277b454","stage":"Ready","outcome":"Captured"}
{"timestampUtc":"2026-09-11T18:48:36.9355811+00:00","executionMode":"AzureDocuments","jobId":"5f83b8e22965fc9cca9534108cc92fb0fae570d0616e5cd19d1b5ca1be614de5","stage":"Ready","outcome":"Captured"}
{"timestampUtc":"2026-09-11T18:48:36.9700535+00:00","executionMode":"AzureDocuments","jobId":"d6c497d2f46f6218612478637110f77aa9801735f0618e6032944d9317162c6f","stage":"Ready","outcome":"Captured"}
{"timestampUtc":"2026-09-11T18:48:37.0072414+00:00","executionMode":"AzureDocuments","jobId":"72304ee7c627d4ac82217f482b8bd5e405f555427658f115f2adc7fd6097bce0","stage":"Ready","outcome":"Captured"}
{"timestampUtc":"2026-09-11T18:48:37.0413181+00:00","executionMode":"AzureDocuments","jobId":"0e29cb50665daba297c4c7452d3413ea2b68e178c74842ab258c887722b1b786","stage":"Ready","outcome":"Captured"}
{"timestampUtc":"2026-09-11T18:48:44.1072612+00:00","executionMode":"AzureDocuments","jobId":"b9aee5d3ae6042cd16ffd2d37eda9ca56f7bf2af608db3f39e4cfc7288e7c886","stage":"CredentialReady","outcome":"Checkpoint"}
{"timestampUtc":"2026-09-11T18:49:01.6960775+00:00","executionMode":"AzureDocuments","jobId":"b9aee5d3ae6042cd16ffd2d37eda9ca56f7bf2af608db3f39e4cfc7288e7c886","stage":"Uploaded","outcome":"Checkpoint"}
{"timestampUtc":"2026-09-11T18:49:11.3340742+00:00","executionMode":"AzureDocuments","jobId":"b9aee5d3ae6042cd16ffd2d37eda9ca56f7bf2af608db3f39e4cfc7288e7c886","stage":"Classified","outcome":"Checkpoint"}
{"timestampUtc":"2026-09-11T18:49:17.9251756+00:00","executionMode":"AzureDocuments","jobId":"b9aee5d3ae6042cd16ffd2d37eda9ca56f7bf2af608db3f39e4cfc7288e7c886","stage":"LayoutRead","outcome":"Checkpoint"}
{"timestampUtc":"2026-09-11T18:49:19.5996503+00:00","executionMode":"AzureDocuments","jobId":"e8850eb6485bee719401c6855b0fad913843bab65178bbca724b71c5a1045f0c","stage":"CredentialReady","outcome":"Checkpoint"}
{"timestampUtc":"2026-09-11T18:49:36.3818049+00:00","executionMode":"AzureDocuments","jobId":"e8850eb6485bee719401c6855b0fad913843bab65178bbca724b71c5a1045f0c","stage":"Uploaded","outcome":"Checkpoint"}
{"timestampUtc":"2026-09-11T18:49:42.6516382+00:00","executionMode":"AzureDocuments","jobId":"e8850eb6485bee719401c6855b0fad913843bab65178bbca724b71c5a1045f0c","stage":"Uploaded","outcome":"ManualException:ClassificationRequiresReview"}
{"timestampUtc":"2026-09-11T18:49:44.0285643+00:00","executionMode":"AzureDocuments","jobId":"7766d415b4c2446b9668286cbc2982bafb2b2d4eff18bda4ad449406f7f47332","stage":"CredentialReady","outcome":"Checkpoint"}
{"timestampUtc":"2026-09-11T18:50:00.4535191+00:00","executionMode":"AzureDocuments","jobId":"7766d415b4c2446b9668286cbc2982bafb2b2d4eff18bda4ad449406f7f47332","stage":"Uploaded","outcome":"Checkpoint"}
{"timestampUtc":"2026-09-11T18:50:05.7353589+00:00","executionMode":"AzureDocuments","jobId":"7766d415b4c2446b9668286cbc2982bafb2b2d4eff18bda4ad449406f7f47332","stage":"Classified","outcome":"Checkpoint"}
{"timestampUtc":"2026-09-11T18:50:11.4206564+00:00","executionMode":"AzureDocuments","jobId":"7766d415b4c2446b9668286cbc2982bafb2b2d4eff18bda4ad449406f7f47332","stage":"LayoutRead","outcome":"Checkpoint"}
{"timestampUtc":"2026-09-11T18:50:12.6433113+00:00","executionMode":"AzureDocuments","jobId":"571c1107b4a16a711e873c15d2f9d2f318ac61c4712af8bf0c10997d0a619214","stage":"CredentialReady","outcome":"Checkpoint"}
{"timestampUtc":"2026-09-11T18:50:29.3649539+00:00","executionMode":"AzureDocuments","jobId":"571c1107b4a16a711e873c15d2f9d2f318ac61c4712af8bf0c10997d0a619214","stage":"Uploaded","outcome":"Checkpoint"}
{"timestampUtc":"2026-09-11T18:50:35.1840746+00:00","executionMode":"AzureDocuments","jobId":"571c1107b4a16a711e873c15d2f9d2f318ac61c4712af8bf0c10997d0a619214","stage":"Classified","outcome":"Checkpoint"}
{"timestampUtc":"2026-09-11T18:50:40.3562487+00:00","executionMode":"AzureDocuments","jobId":"571c1107b4a16a711e873c15d2f9d2f318ac61c4712af8bf0c10997d0a619214","stage":"LayoutRead","outcome":"Checkpoint"}
{"timestampUtc":"2026-09-11T18:50:41.2880886+00:00","executionMode":"AzureDocuments","jobId":"53a0796ef35d591bdd3a0f7f02bbd54eac6bbb95d26f19c059409cd51c719149","stage":"CredentialReady","outcome":"Checkpoint"}
{"timestampUtc":"2026-09-11T18:50:57.8163582+00:00","executionMode":"AzureDocuments","jobId":"53a0796ef35d591bdd3a0f7f02bbd54eac6bbb95d26f19c059409cd51c719149","stage":"Uploaded","outcome":"Checkpoint"}
{"timestampUtc":"2026-09-11T18:51:07.6060408+00:00","executionMode":"AzureDocuments","jobId":"53a0796ef35d591bdd3a0f7f02bbd54eac6bbb95d26f19c059409cd51c719149","stage":"Classified","outcome":"Checkpoint"}
{"timestampUtc":"2026-09-11T18:51:17.1018209+00:00","executionMode":"AzureDocuments","jobId":"53a0796ef35d591bdd3a0f7f02bbd54eac6bbb95d26f19c059409cd51c719149","stage":"LayoutRead","outcome":"Checkpoint"}
{"timestampUtc":"2026-09-11T18:51:18.3144891+00:00","executionMode":"AzureDocuments","jobId":"93740ba6bcabdcf4602fcaf6eb714de52c0bb78b45dfe5968cf32f7e16215e3f","stage":"CredentialReady","outcome":"Checkpoint"}
{"timestampUtc":"2026-09-11T18:51:34.5456281+00:00","executionMode":"AzureDocuments","jobId":"93740ba6bcabdcf4602fcaf6eb714de52c0bb78b45dfe5968cf32f7e16215e3f","stage":"Uploaded","outcome":"Checkpoint"}
{"timestampUtc":"2026-09-11T18:51:39.9565048+00:00","executionMode":"AzureDocuments","jobId":"93740ba6bcabdcf4602fcaf6eb714de52c0bb78b45dfe5968cf32f7e16215e3f","stage":"Uploaded","outcome":"ManualException:ClassificationRequiresReview"}
{"timestampUtc":"2026-09-11T18:51:41.5574065+00:00","executionMode":"AzureDocuments","jobId":"5b342540119fc74a8159f61361a3f504a7b64e1c1232cc5d08e596f6d9c3e820","stage":"CredentialReady","outcome":"Checkpoint"}
{"timestampUtc":"2026-09-11T18:51:57.7470996+00:00","executionMode":"AzureDocuments","jobId":"5b342540119fc74a8159f61361a3f504a7b64e1c1232cc5d08e596f6d9c3e820","stage":"Uploaded","outcome":"Checkpoint"}
{"timestampUtc":"2026-09-11T18:52:03.0561988+00:00","executionMode":"AzureDocuments","jobId":"5b342540119fc74a8159f61361a3f504a7b64e1c1232cc5d08e596f6d9c3e820","stage":"Classified","outcome":"Checkpoint"}
{"timestampUtc":"2026-09-11T18:52:08.5365314+00:00","executionMode":"AzureDocuments","jobId":"5b342540119fc74a8159f61361a3f504a7b64e1c1232cc5d08e596f6d9c3e820","stage":"LayoutRead","outcome":"Checkpoint"}
{"timestampUtc":"2026-09-11T18:52:10.1283772+00:00","executionMode":"AzureDocuments","jobId":"37ded7dd3b1430ddcdafc9a97e484180798a166e9fe7e485206fff206a438dba","stage":"CredentialReady","outcome":"Checkpoint"}
{"timestampUtc":"2026-09-11T18:52:26.7782134+00:00","executionMode":"AzureDocuments","jobId":"37ded7dd3b1430ddcdafc9a97e484180798a166e9fe7e485206fff206a438dba","stage":"Uploaded","outcome":"Checkpoint"}
{"timestampUtc":"2026-09-11T18:52:32.2531195+00:00","executionMode":"AzureDocuments","jobId":"37ded7dd3b1430ddcdafc9a97e484180798a166e9fe7e485206fff206a438dba","stage":"Classified","outcome":"Checkpoint"}
{"timestampUtc":"2026-09-11T18:52:39.3467138+00:00","executionMode":"AzureDocuments","jobId":"37ded7dd3b1430ddcdafc9a97e484180798a166e9fe7e485206fff206a438dba","stage":"LayoutRead","outcome":"Checkpoint"}
{"timestampUtc":"2026-09-11T18:52:40.6227818+00:00","executionMode":"AzureDocuments","jobId":"59ced1e784c2830082b9a699daf026bb61464639176d476c4e83dbbf70b77756","stage":"CredentialReady","outcome":"Checkpoint"}
{"timestampUtc":"2026-09-11T18:52:57.7511663+00:00","executionMode":"AzureDocuments","jobId":"59ced1e784c2830082b9a699daf026bb61464639176d476c4e83dbbf70b77756","stage":"Uploaded","outcome":"Checkpoint"}
{"timestampUtc":"2026-09-11T18:53:04.2676985+00:00","executionMode":"AzureDocuments","jobId":"59ced1e784c2830082b9a699daf026bb61464639176d476c4e83dbbf70b77756","stage":"Classified","outcome":"Checkpoint"}
{"timestampUtc":"2026-09-11T18:53:11.8151924+00:00","executionMode":"AzureDocuments","jobId":"59ced1e784c2830082b9a699daf026bb61464639176d476c4e83dbbf70b77756","stage":"LayoutRead","outcome":"Checkpoint"}
{"timestampUtc":"2026-09-11T18:53:12.8616813+00:00","executionMode":"AzureDocuments","jobId":"0a7b77906ff36c415064a5b29d6f41ec8ddeb19b59bdc17c0cd7ae3ab04e3003","stage":"CredentialReady","outcome":"Checkpoint"}
{"timestampUtc":"2026-09-11T18:53:29.5977354+00:00","executionMode":"AzureDocuments","jobId":"0a7b77906ff36c415064a5b29d6f41ec8ddeb19b59bdc17c0cd7ae3ab04e3003","stage":"Uploaded","outcome":"Checkpoint"}
{"timestampUtc":"2026-09-11T18:53:36.800025+00:00","executionMode":"AzureDocuments","jobId":"0a7b77906ff36c415064a5b29d6f41ec8ddeb19b59bdc17c0cd7ae3ab04e3003","stage":"Classified","outcome":"Checkpoint"}
{"timestampUtc":"2026-09-11T18:53:42.9634941+00:00","executionMode":"AzureDocuments","jobId":"0a7b77906ff36c415064a5b29d6f41ec8ddeb19b59bdc17c0cd7ae3ab04e3003","stage":"LayoutRead","outcome":"Checkpoint"}
{"timestampUtc":"2026-09-11T18:53:46.0405916+00:00","executionMode":"AzureDocuments","jobId":"1eda4aed1327e8c74599787f745c52e3777dac0925b7c473ce76036f388eefc0","stage":"CredentialReady","outcome":"Checkpoint"}
{"timestampUtc":"2026-09-11T18:54:05.9807807+00:00","executionMode":"AzureDocuments","jobId":"1eda4aed1327e8c74599787f745c52e3777dac0925b7c473ce76036f388eefc0","stage":"Uploaded","outcome":"Checkpoint"}
{"timestampUtc":"2026-09-11T18:54:11.4442549+00:00","executionMode":"AzureDocuments","jobId":"1eda4aed1327e8c74599787f745c52e3777dac0925b7c473ce76036f388eefc0","stage":"Classified","outcome":"Checkpoint"}
{"timestampUtc":"2026-09-11T18:54:18.2248741+00:00","executionMode":"AzureDocuments","jobId":"1eda4aed1327e8c74599787f745c52e3777dac0925b7c473ce76036f388eefc0","stage":"LayoutRead","outcome":"Checkpoint"}
{"timestampUtc":"2026-09-11T18:54:19.8654235+00:00","executionMode":"AzureDocuments","jobId":"dc546c51503eff95e03a0c23e789ee2b10ac0f67fccfd837023626e2cd763b2a","stage":"CredentialReady","outcome":"Checkpoint"}
{"timestampUtc":"2026-09-11T18:54:36.0447543+00:00","executionMode":"AzureDocuments","jobId":"dc546c51503eff95e03a0c23e789ee2b10ac0f67fccfd837023626e2cd763b2a","stage":"Uploaded","outcome":"Checkpoint"}
{"timestampUtc":"2026-09-11T18:54:41.5487203+00:00","executionMode":"AzureDocuments","jobId":"dc546c51503eff95e03a0c23e789ee2b10ac0f67fccfd837023626e2cd763b2a","stage":"Classified","outcome":"Checkpoint"}
{"timestampUtc":"2026-09-11T18:54:48.6004963+00:00","executionMode":"AzureDocuments","jobId":"dc546c51503eff95e03a0c23e789ee2b10ac0f67fccfd837023626e2cd763b2a","stage":"LayoutRead","outcome":"Checkpoint"}
{"timestampUtc":"2026-09-11T18:54:49.6030416+00:00","executionMode":"AzureDocuments","jobId":"990cf401885dbb7179a34b6237e3e101c3b8a5c3f9685aaac677b51ecaa1811b","stage":"CredentialReady","outcome":"Checkpoint"}
{"timestampUtc":"2026-09-11T18:55:06.8332943+00:00","executionMode":"AzureDocuments","jobId":"990cf401885dbb7179a34b6237e3e101c3b8a5c3f9685aaac677b51ecaa1811b","stage":"Uploaded","outcome":"Checkpoint"}
{"timestampUtc":"2026-09-11T18:55:13.2104591+00:00","executionMode":"AzureDocuments","jobId":"990cf401885dbb7179a34b6237e3e101c3b8a5c3f9685aaac677b51ecaa1811b","stage":"Classified","outcome":"Checkpoint"}
{"timestampUtc":"2026-09-11T18:55:19.4386919+00:00","executionMode":"AzureDocuments","jobId":"990cf401885dbb7179a34b6237e3e101c3b8a5c3f9685aaac677b51ecaa1811b","stage":"LayoutRead","outcome":"Checkpoint"}
{"timestampUtc":"2026-09-11T18:55:21.1722706+00:00","executionMode":"AzureDocuments","jobId":"a3667d3bc6133a47a280df52e5b6150622c786a2be59f3c58c63480b8287e2f5","stage":"CredentialReady","outcome":"Checkpoint"}
{"timestampUtc":"2026-09-11T18:55:37.7290287+00:00","executionMode":"AzureDocuments","jobId":"a3667d3bc6133a47a280df52e5b6150622c786a2be59f3c58c63480b8287e2f5","stage":"Uploaded","outcome":"Checkpoint"}
{"timestampUtc":"2026-09-11T18:55:43.3286507+00:00","executionMode":"AzureDocuments","jobId":"a3667d3bc6133a47a280df52e5b6150622c786a2be59f3c58c63480b8287e2f5","stage":"Uploaded","outcome":"ManualException:ClassificationRequiresReview"}
{"timestampUtc":"2026-09-11T18:55:44.6476539+00:00","executionMode":"AzureDocuments","jobId":"4b4167648f55374fd0a33150464271d23b815b469f9ecb24675b42ec1bd70c58","stage":"CredentialReady","outcome":"Checkpoint"}
{"timestampUtc":"2026-09-11T18:56:00.5868496+00:00","executionMode":"AzureDocuments","jobId":"4b4167648f55374fd0a33150464271d23b815b469f9ecb24675b42ec1bd70c58","stage":"Uploaded","outcome":"Checkpoint"}
{"timestampUtc":"2026-09-11T18:56:06.2545946+00:00","executionMode":"AzureDocuments","jobId":"4b4167648f55374fd0a33150464271d23b815b469f9ecb24675b42ec1bd70c58","stage":"Classified","outcome":"Checkpoint"}
{"timestampUtc":"2026-09-11T18:56:11.3553203+00:00","executionMode":"AzureDocuments","jobId":"4b4167648f55374fd0a33150464271d23b815b469f9ecb24675b42ec1bd70c58","stage":"LayoutRead","outcome":"Checkpoint"}
{"timestampUtc":"2026-09-11T18:56:12.7786092+00:00","executionMode":"AzureDocuments","jobId":"c247c32202aad92556c38b4f3afa9e79b69a68e10346620e88d3a8f7537bf4a7","stage":"CredentialReady","outcome":"Checkpoint"}
{"timestampUtc":"2026-09-11T18:56:28.9283903+00:00","executionMode":"AzureDocuments","jobId":"c247c32202aad92556c38b4f3afa9e79b69a68e10346620e88d3a8f7537bf4a7","stage":"Uploaded","outcome":"Checkpoint"}
{"timestampUtc":"2026-09-11T18:56:34.2827706+00:00","executionMode":"AzureDocuments","jobId":"c247c32202aad92556c38b4f3afa9e79b69a68e10346620e88d3a8f7537bf4a7","stage":"Uploaded","outcome":"ManualException:ClassificationRequiresReview"}
{"timestampUtc":"2026-09-11T18:56:35.2330808+00:00","executionMode":"AzureDocuments","jobId":"6245169ce6e3f1a9b9b50a87306220e441a8f5475cc7a99d863935cee4a021a7","stage":"CredentialReady","outcome":"Checkpoint"}
{"timestampUtc":"2026-09-11T18:56:51.4480887+00:00","executionMode":"AzureDocuments","jobId":"6245169ce6e3f1a9b9b50a87306220e441a8f5475cc7a99d863935cee4a021a7","stage":"Uploaded","outcome":"Checkpoint"}
{"timestampUtc":"2026-09-11T18:56:57.7679828+00:00","executionMode":"AzureDocuments","jobId":"6245169ce6e3f1a9b9b50a87306220e441a8f5475cc7a99d863935cee4a021a7","stage":"Classified","outcome":"Checkpoint"}
{"timestampUtc":"2026-09-11T18:57:04.33381+00:00","executionMode":"AzureDocuments","jobId":"6245169ce6e3f1a9b9b50a87306220e441a8f5475cc7a99d863935cee4a021a7","stage":"LayoutRead","outcome":"Checkpoint"}
{"timestampUtc":"2026-09-11T18:57:05.9644415+00:00","executionMode":"AzureDocuments","jobId":"92faefb16de25494b18aa081d8b6867bba0323479d552951936a6c68776628f6","stage":"CredentialReady","outcome":"Checkpoint"}
{"timestampUtc":"2026-09-11T18:57:22.9296678+00:00","executionMode":"AzureDocuments","jobId":"92faefb16de25494b18aa081d8b6867bba0323479d552951936a6c68776628f6","stage":"Uploaded","outcome":"Checkpoint"}
{"timestampUtc":"2026-09-11T18:57:28.1829938+00:00","executionMode":"AzureDocuments","jobId":"92faefb16de25494b18aa081d8b6867bba0323479d552951936a6c68776628f6","stage":"Classified","outcome":"Checkpoint"}
{"timestampUtc":"2026-09-11T18:57:34.49098+00:00","executionMode":"AzureDocuments","jobId":"92faefb16de25494b18aa081d8b6867bba0323479d552951936a6c68776628f6","stage":"LayoutRead","outcome":"Checkpoint"}
{"timestampUtc":"2026-09-11T18:57:35.4554371+00:00","executionMode":"AzureDocuments","jobId":"cef1d3f98120ac8492fefcdfc2d2ae76121759d180bcdde1ab7fdef396b8780c","stage":"CredentialReady","outcome":"Checkpoint"}
{"timestampUtc":"2026-09-11T18:58:02.5646461+00:00","executionMode":"AzureDocuments","jobId":"cef1d3f98120ac8492fefcdfc2d2ae76121759d180bcdde1ab7fdef396b8780c","stage":"Uploaded","outcome":"Checkpoint"}
{"timestampUtc":"2026-09-11T18:58:07.8874071+00:00","executionMode":"AzureDocuments","jobId":"cef1d3f98120ac8492fefcdfc2d2ae76121759d180bcdde1ab7fdef396b8780c","stage":"Classified","outcome":"Checkpoint"}
{"timestampUtc":"2026-09-11T18:58:12.4558031+00:00","executionMode":"AzureDocuments","jobId":"cef1d3f98120ac8492fefcdfc2d2ae76121759d180bcdde1ab7fdef396b8780c","stage":"LayoutRead","outcome":"Checkpoint"}
{"timestampUtc":"2026-09-11T18:58:13.8084166+00:00","executionMode":"AzureDocuments","jobId":"933287bfe13cc3d88e124c1c78272381c12e623a4ae23828e454264a2a7478b9","stage":"CredentialReady","outcome":"Checkpoint"}
{"timestampUtc":"2026-09-11T18:58:30.1180345+00:00","executionMode":"AzureDocuments","jobId":"933287bfe13cc3d88e124c1c78272381c12e623a4ae23828e454264a2a7478b9","stage":"Uploaded","outcome":"Checkpoint"}
{"timestampUtc":"2026-09-11T18:58:35.7049786+00:00","executionMode":"AzureDocuments","jobId":"933287bfe13cc3d88e124c1c78272381c12e623a4ae23828e454264a2a7478b9","stage":"Uploaded","outcome":"ManualException:ClassificationRequiresReview"}
{"timestampUtc":"2026-09-11T18:58:37.1164877+00:00","executionMode":"AzureDocuments","jobId":"fef37d2a72d4f59148e8cbdb3fdd020a4a45a979a7ae9d6dde7066d3c8937bce","stage":"CredentialReady","outcome":"Checkpoint"}
{"timestampUtc":"2026-09-11T18:58:54.3793403+00:00","executionMode":"AzureDocuments","jobId":"fef37d2a72d4f59148e8cbdb3fdd020a4a45a979a7ae9d6dde7066d3c8937bce","stage":"Uploaded","outcome":"Checkpoint"}
{"timestampUtc":"2026-09-11T18:59:00.6140227+00:00","executionMode":"AzureDocuments","jobId":"fef37d2a72d4f59148e8cbdb3fdd020a4a45a979a7ae9d6dde7066d3c8937bce","stage":"Classified","outcome":"Checkpoint"}
{"timestampUtc":"2026-09-11T18:59:07.8652801+00:00","executionMode":"AzureDocuments","jobId":"fef37d2a72d4f59148e8cbdb3fdd020a4a45a979a7ae9d6dde7066d3c8937bce","stage":"LayoutRead","outcome":"Checkpoint"}
{"timestampUtc":"2026-09-11T18:59:10.0329718+00:00","executionMode":"AzureDocuments","jobId":"9838b0d80d19715a3a4be013bd0a0789de36bea803d42aaef354dacf21a1445a","stage":"CredentialReady","outcome":"Checkpoint"}
{"timestampUtc":"2026-09-11T18:59:26.3149003+00:00","executionMode":"AzureDocuments","jobId":"9838b0d80d19715a3a4be013bd0a0789de36bea803d42aaef354dacf21a1445a","stage":"Uploaded","outcome":"Checkpoint"}
{"timestampUtc":"2026-09-11T18:59:31.5693186+00:00","executionMode":"AzureDocuments","jobId":"9838b0d80d19715a3a4be013bd0a0789de36bea803d42aaef354dacf21a1445a","stage":"Classified","outcome":"Checkpoint"}
{"timestampUtc":"2026-09-11T18:59:38.5390236+00:00","executionMode":"AzureDocuments","jobId":"9838b0d80d19715a3a4be013bd0a0789de36bea803d42aaef354dacf21a1445a","stage":"LayoutRead","outcome":"Checkpoint"}
{"timestampUtc":"2026-09-11T18:59:39.8367232+00:00","executionMode":"AzureDocuments","jobId":"f28fc088636065ed764d1d618c6b17b9ddedec3f0ac0f4328cefba284b414985","stage":"CredentialReady","outcome":"Checkpoint"}
{"timestampUtc":"2026-09-11T18:59:55.8642679+00:00","executionMode":"AzureDocuments","jobId":"f28fc088636065ed764d1d618c6b17b9ddedec3f0ac0f4328cefba284b414985","stage":"Uploaded","outcome":"Checkpoint"}
{"timestampUtc":"2026-09-11T19:00:02.7470744+00:00","executionMode":"AzureDocuments","jobId":"f28fc088636065ed764d1d618c6b17b9ddedec3f0ac0f4328cefba284b414985","stage":"Classified","outcome":"Checkpoint"}
{"timestampUtc":"2026-09-11T19:00:09.6786714+00:00","executionMode":"AzureDocuments","jobId":"f28fc088636065ed764d1d618c6b17b9ddedec3f0ac0f4328cefba284b414985","stage":"LayoutRead","outcome":"Checkpoint"}
{"timestampUtc":"2026-09-11T19:00:11.0633056+00:00","executionMode":"AzureDocuments","jobId":"596cd61163175fd5acc8bd65eddd28e48dfa0e3596cc5aa7708e2f952277b454","stage":"CredentialReady","outcome":"Checkpoint"}
{"timestampUtc":"2026-09-11T19:00:27.7332967+00:00","executionMode":"AzureDocuments","jobId":"596cd61163175fd5acc8bd65eddd28e48dfa0e3596cc5aa7708e2f952277b454","stage":"Uploaded","outcome":"Checkpoint"}
{"timestampUtc":"2026-09-11T19:00:33.0811148+00:00","executionMode":"AzureDocuments","jobId":"596cd61163175fd5acc8bd65eddd28e48dfa0e3596cc5aa7708e2f952277b454","stage":"Classified","outcome":"Checkpoint"}
{"timestampUtc":"2026-09-11T19:00:38.209089+00:00","executionMode":"AzureDocuments","jobId":"596cd61163175fd5acc8bd65eddd28e48dfa0e3596cc5aa7708e2f952277b454","stage":"LayoutRead","outcome":"Checkpoint"}
{"timestampUtc":"2026-09-11T19:00:39.8266263+00:00","executionMode":"AzureDocuments","jobId":"5f83b8e22965fc9cca9534108cc92fb0fae570d0616e5cd19d1b5ca1be614de5","stage":"CredentialReady","outcome":"Checkpoint"}
{"timestampUtc":"2026-09-11T19:00:56.9069346+00:00","executionMode":"AzureDocuments","jobId":"5f83b8e22965fc9cca9534108cc92fb0fae570d0616e5cd19d1b5ca1be614de5","stage":"Uploaded","outcome":"Checkpoint"}
{"timestampUtc":"2026-09-11T19:01:03.2970624+00:00","executionMode":"AzureDocuments","jobId":"5f83b8e22965fc9cca9534108cc92fb0fae570d0616e5cd19d1b5ca1be614de5","stage":"Uploaded","outcome":"ManualException:ClassificationRequiresReview"}
{"timestampUtc":"2026-09-11T19:01:04.5284451+00:00","executionMode":"AzureDocuments","jobId":"d6c497d2f46f6218612478637110f77aa9801735f0618e6032944d9317162c6f","stage":"CredentialReady","outcome":"Checkpoint"}
{"timestampUtc":"2026-09-11T19:01:21.4149832+00:00","executionMode":"AzureDocuments","jobId":"d6c497d2f46f6218612478637110f77aa9801735f0618e6032944d9317162c6f","stage":"Uploaded","outcome":"Checkpoint"}
{"timestampUtc":"2026-09-11T19:01:28.9536877+00:00","executionMode":"AzureDocuments","jobId":"d6c497d2f46f6218612478637110f77aa9801735f0618e6032944d9317162c6f","stage":"Uploaded","outcome":"ManualException:ClassificationRequiresReview"}
{"timestampUtc":"2026-09-11T19:01:29.9246041+00:00","executionMode":"AzureDocuments","jobId":"72304ee7c627d4ac82217f482b8bd5e405f555427658f115f2adc7fd6097bce0","stage":"CredentialReady","outcome":"Checkpoint"}
{"timestampUtc":"2026-09-11T19:01:46.4087537+00:00","executionMode":"AzureDocuments","jobId":"72304ee7c627d4ac82217f482b8bd5e405f555427658f115f2adc7fd6097bce0","stage":"Uploaded","outcome":"Checkpoint"}
{"timestampUtc":"2026-09-11T19:01:51.5071437+00:00","executionMode":"AzureDocuments","jobId":"72304ee7c627d4ac82217f482b8bd5e405f555427658f115f2adc7fd6097bce0","stage":"Uploaded","outcome":"ManualException:ClassificationRequiresReview"}
{"timestampUtc":"2026-09-11T19:01:52.9860407+00:00","executionMode":"AzureDocuments","jobId":"0e29cb50665daba297c4c7452d3413ea2b68e178c74842ab258c887722b1b786","stage":"CredentialReady","outcome":"Checkpoint"}
{"timestampUtc":"2026-09-11T19:02:11.9756019+00:00","executionMode":"AzureDocuments","jobId":"0e29cb50665daba297c4c7452d3413ea2b68e178c74842ab258c887722b1b786","stage":"Uploaded","outcome":"Checkpoint"}
{"timestampUtc":"2026-09-11T19:02:17.9232376+00:00","executionMode":"AzureDocuments","jobId":"0e29cb50665daba297c4c7452d3413ea2b68e178c74842ab258c887722b1b786","stage":"Uploaded","outcome":"ManualException:ClassificationRequiresReview"}
{"timestampUtc":"2026-09-11T19:02:17.9250048+00:00","executionMode":"AzureDocuments","jobId":null,"stage":"Worker","outcome":"Stopped"}

