Training PDFs uploaded and hash-verified: 10/70
Training PDFs uploaded and hash-verified: 20/70
Training PDFs uploaded and hash-verified: 30/70
Training PDFs uploaded and hash-verified: 40/70
Training PDFs uploaded and hash-verified: 50/70
Training PDFs uploaded and hash-verified: 60/70
Training PDFs uploaded and hash-verified: 70/70
Training Layout sidecars verified: 1/70; pages: 1
Training Layout sidecars verified: 2/70; pages: 2
Training Layout sidecars verified: 3/70; pages: 3
Training Layout sidecars verified: 4/70; pages: 5
Training Layout sidecars verified: 5/70; pages: 6
Training Layout sidecars verified: 6/70; pages: 7
Training Layout sidecars verified: 7/70; pages: 8
Training Layout sidecars verified: 8/70; pages: 9
Training Layout sidecars verified: 9/70; pages: 10
Training Layout sidecars verified: 10/70; pages: 11
Training Layout sidecars verified: 11/70; pages: 12
Training Layout sidecars verified: 12/70; pages: 14
Training Layout sidecars verified: 13/70; pages: 15
Training Layout sidecars verified: 14/70; pages: 16
Training Layout sidecars verified: 15/70; pages: 17
Training Layout sidecars verified: 16/70; pages: 18
Training Layout sidecars verified: 17/70; pages: 19
Training Layout sidecars verified: 18/70; pages: 20
Training Layout sidecars verified: 19/70; pages: 21
Training Layout sidecars verified: 20/70; pages: 22
Training Layout sidecars verified: 21/70; pages: 23
Training Layout sidecars verified: 22/70; pages: 25
Training Layout sidecars verified: 23/70; pages: 26
Training Layout sidecars verified: 24/70; pages: 27
Training Layout sidecars verified: 25/70; pages: 28
Training Layout sidecars verified: 26/70; pages: 29
Training Layout sidecars verified: 27/70; pages: 30
Training Layout sidecars verified: 28/70; pages: 31
Training Layout sidecars verified: 29/70; pages: 32
Training Layout sidecars verified: 30/70; pages: 33
Training Layout sidecars verified: 31/70; pages: 34
Training Layout sidecars verified: 32/70; pages: 36
Training Layout sidecars verified: 33/70; pages: 37
Training Layout sidecars verified: 34/70; pages: 38
Training Layout sidecars verified: 35/70; pages: 39
Training Layout sidecars verified: 36/70; pages: 40
Training Layout sidecars verified: 37/70; pages: 41
Training Layout sidecars verified: 38/70; pages: 42
Training Layout sidecars verified: 39/70; pages: 43
Training Layout sidecars verified: 40/70; pages: 44
Training Layout sidecars verified: 41/70; pages: 46
Training Layout sidecars verified: 42/70; pages: 47
Training Layout sidecars verified: 43/70; pages: 48
Training Layout sidecars verified: 44/70; pages: 49
Training Layout sidecars verified: 45/70; pages: 50
Training Layout sidecars verified: 46/70; pages: 51
Training Layout sidecars verified: 47/70; pages: 52
Training Layout sidecars verified: 48/70; pages: 53
Training Layout sidecars verified: 49/70; pages: 54
Training Layout sidecars verified: 50/70; pages: 55
Training Layout sidecars verified: 51/70; pages: 57
Training Layout sidecars verified: 52/70; pages: 58
Training Layout sidecars verified: 53/70; pages: 59
Training Layout sidecars verified: 54/70; pages: 60
Training Layout sidecars verified: 55/70; pages: 61
Training Layout sidecars verified: 56/70; pages: 62
Training Layout sidecars verified: 57/70; pages: 63
Training Layout sidecars verified: 58/70; pages: 64
Training Layout sidecars verified: 59/70; pages: 65
Training Layout sidecars verified: 60/70; pages: 66
Training Layout sidecars verified: 61/70; pages: 67
Training Layout sidecars verified: 62/70; pages: 69
Training Layout sidecars verified: 63/70; pages: 70
Training Layout sidecars verified: 64/70; pages: 71
Training Layout sidecars verified: 65/70; pages: 72
Training Layout sidecars verified: 66/70; pages: 73
Training Layout sidecars verified: 67/70; pages: 74
Training Layout sidecars verified: 68/70; pages: 75
Training Layout sidecars verified: 69/70; pages: 76
Training Layout sidecars verified: 70/70; pages: 77
Training access configured; allowing 60 seconds for firewall propagation.
Classifier training: running
Storage restored to private-only; temporary training role assignments removed.
